// Jest Snapshot v1, https://goo.gl/fbAQLP

exports[`Table should render correctly 1`] = `
<div
  className="eds-table"
>
  <div
    className="eds-table-loading hidden"
  >
    <Loading
      size="medium"
      type="div"
    />
  </div>
  <table
    className="table "
  >
    <thead>
      <tr>
        <th
          className={Array []}
          key="1"
          onClick={null}
        >
          name
        </th>
        <th
          className={Array []}
          key="2"
          onClick={null}
        >
          age
        </th>
        <th
          className={Array []}
          key="3"
          onClick={null}
        >
          address
        </th>
        <th
          className={Array []}
          key="4"
          onClick={null}
        >
          country
        </th>
        <th
          className={Array []}
          key="5"
          onClick={null}
        >
          action
        </th>
      </tr>
    </thead>
    <tbody>
      <tr
        className=""
        key="1"
      >
        <td
          key="1"
        >
          ben
        </td>
        <td
          key="2"
        >
          41
        </td>
        <td
          key="3"
        >
          guangdong
        </td>
        <td
          key="4"
        >
          China
        </td>
        <td
          key="5"
        >
          <button>
            click me
          </button>
        </td>
      </tr>
      <tr
        className=""
        key="2"
      >
        <td
          key="1"
        >
          doge
        </td>
        <td
          key="2"
        >
          21
        </td>
        <td
          key="3"
        >
          london
        </td>
        <td
          key="4"
        >
          UK
        </td>
        <td
          key="5"
        >
          <button>
            click me
          </button>
        </td>
      </tr>
      <tr
        className=""
        key="3"
      >
        <td
          key="1"
        >
          aya
        </td>
        <td
          key="2"
        >
          31
        </td>
        <td
          key="3"
        >
          shanxi
        </td>
        <td
          key="4"
        >
          China
        </td>
        <td
          key="5"
        >
          <button>
            click me
          </button>
        </td>
      </tr>
      <tr
        className=""
        key="4"
      >
        <td
          key="1"
        >
          cat
        </td>
        <td
          key="2"
        >
          11
        </td>
        <td
          key="3"
        >
          newyork
        </td>
        <td
          key="4"
        >
          USA
        </td>
        <td
          key="5"
        >
          <button>
            click me
          </button>
        </td>
      </tr>
      <tr
        className=""
        key="5"
      >
        <td
          key="1"
        >
          jack
        </td>
        <td
          key="2"
        >
          24
        </td>
        <td
          key="3"
        >
          shenzhen
        </td>
        <td
          key="4"
        >
          China
        </td>
        <td
          key="5"
        >
          <button>
            click me
          </button>
        </td>
      </tr>
    </tbody>
  </table>
</div>
`;
